// Jest Snapshot v1, https://goo.gl/fbAQLP

exports[`Tests for GifGrid component debe mostrarse correctamente 1`] = `
<Fragment>
  <h3
    className="card animate__animated animate__fadeIn"
  >
    HOLA MUNDO
  </h3>
  <p
    className="card animate__animated animate__flash"
  >
    Loading
  </p>
  <div
    className="card-grid"
  />
</Fragment>
`;
